// Jest Snapshot v1, https://goo.gl/fbAQLP

exports[`<Col /> matches snapshot 1`] = `
.emotion-0 {
  padding: 0 16px;
  -webkit-flex: 1 0 100%;
  -ms-flex: 1 0 100%;
  flex: 1 0 100%;
  max-width: 100%;
  min-height: 1px;
}

<Col
  theme={
    Object {
      "borderRadius": 2,
      "colors": Object {
        "border": "#bac3c3",
        "error": "#ff483b",
        "errorBg": "#ffebe4",
        "greyBg": "#f9fafa",
        "headingColor": "#2e3333",
        "lightGreyBg": "#f5f5f5",
        "primary": "#00ccbb",
        "success": "#006d68",
        "successBg": "#edfad0",
      },
      "gridBreakpoints": Array [
        0,
        576,
        768,
        992,
        1200,
      ],
      "gridColumns": 12,
      "gridGutters": 16,
    }
  }
  xs={12}
>
  <div
    className="emotion-0"
  />
</Col>
`;
