// Jest Snapshot v1, https://goo.gl/fbAQLP

exports[`<Layout /> matches snapshot 1`] = `
<Styled(div)>
  <Meta />
  <Header />
  <Styled(main)>
    <span>
      Child
    </span>
  </Styled(main)>
  <Footer />
</Styled(div)>
`;
