// Jest Snapshot v1, https://goo.gl/fbAQLP

exports[`<ErrorMessage/> matches snapshot 1`] = `
<DisplayError
  error={Object {}}
  theme={
    Object {
      "borderRadius": 2,
      "colors": Object {
        "border": "#bac3c3",
        "error": "#ff483b",
        "errorBg": "#ffebe4",
        "greyBg": "#f9fafa",
        "headingColor": "#2e3333",
        "lightGreyBg": "#f5f5f5",
        "primary": "#00ccbb",
        "success": "#006d68",
        "successBg": "#edfad0",
      },
      "gridBreakpoints": Array [
        0,
        576,
        768,
        992,
        1200,
      ],
      "gridColumns": 12,
      "gridGutters": 16,
    }
  }
/>
`;
