// Jest Snapshot v1, https://goo.gl/fbAQLP

exports[`<Row /> matches snapshot 1`] = `
.emotion-0 {
  margin: 0 -undefinedpx;
  padding: 0;
  display: -webkit-box;
  display: -webkit-flex;
  display: -ms-flexbox;
  display: flex;
  -webkit-flex-wrap: wrap;
  -ms-flex-wrap: wrap;
  flex-wrap: wrap;
  list-style: none;
}

<Row>
  <div
    className="emotion-0"
  />
</Row>
`;
