// Jest Snapshot v1, https://goo.gl/fbAQLP

exports[`<FormContainer /> matches snapshot 1`] = `
.emotion-0 {
  padding: 1rem;
  margin: auto;
  width: 100%;
  max-width: 432px;
}

<FormContainer>
  <div
    className="emotion-0"
  />
</FormContainer>
`;
